./full_example
All done with argument parsing!
ERROR --flag is required!
./full_example --help
./full_example -h
./full_example --test
Test: 1 2 3 4 5 6 7 8 9 10
All done with argument parsing!
ERROR --flag is required!
./full_example -f
All done with argument parsing!
./full_example --flag -f
All done with argument parsing!
./full_example -ffffffff
All done with argument parsing!
./full_example -o -f
All done with argument parsing!
./full_example -of
All done with argument parsing!
./full_example -ofo
Flag --once given multiple times!
./full_example -f -oo
Flag --once given multiple times!
./full_example -f -o --once
Flag --once given multiple times!
./full_example --flag=test
./full_example -s foo
--my-string-argument foo
All done with argument parsing!
ERROR --flag is required!
./full_example --my-string-argument foo
--my-string-argument foo
All done with argument parsing!
ERROR --flag is required!
./full_example --my-string-argument=foo
--my-string-argument foo
All done with argument parsing!
ERROR --flag is required!
./full_example -f -i 42
--my-int-argument 42
All done with argument parsing!
./full_example -f --my-int-argument 42
--my-int-argument 42
All done with argument parsing!
./full_example -f --my-int-argument=42
--my-int-argument 42
All done with argument parsing!
./full_example -fi 42
--my-int-argument 42
All done with argument parsing!
./full_example -if 42
./full_example -f test
ARG_POSITIONAL: test
Index: 2
./full_example -f -- here are some args
Raw argument after "--": "here"
Raw argument after "--": "are"
Raw argument after "--": "some"
Raw argument after "--": "args"
./full_example -tHfots lol --my-int-argument=42 -- test lol omg --help -o -t
Test: 1 2 3 4 5 6 7 8 9 10
HELLO
Test: 1 2 3 4 5 6 7 8 9 10
--my-string-argument lol
--my-int-argument 42
Raw argument after "--": "test"
Raw argument after "--": "lol"
Raw argument after "--": "omg"
Raw argument after "--": "--help"
Raw argument after "--": "-o"
Raw argument after "--": "-t"
./full_example -
ARG_POSITIONAL: -
Index: 1
./full_example ---
ARG_POSITIONAL: ---
Index: 1
./full_example -f- test
./full_example -=
ARG_POSITIONAL: -=
Index: 1
./full_example -=test
./full_example --=
ARG_POSITIONAL: --=
Index: 1
./full_example --=test
ARG_POSITIONAL: --=test
Index: 1
